// Jest Snapshot v1, https://goo.gl/fbAQLP

exports[`should render ExpenseListItem correctly 1`] = `
<div>
  <Link
    to="/edit/1"
  >
    <h3>
      Juice
    </h3>
  </Link>
  <p>
    Amount : 
    $0.04
     Created at : 
    December 31st, 1969
  </p>
</div>
`;
